  AIOwner.cpp
D:\CppProjects\TriTactical\TriTactical\include\SFML\System\Exception.hpp(41,47): warning C4275: dll olmayan class 'std::runtime_error' arabirimi dll arabirimi class 'sf::Exception' için taban olarak kullanıldı
  ('AIOwner.cpp' kaynak dosyası derleniyor)
      C:\Program Files\Microsoft Visual Studio\2022\Community\VC\Tools\MSVC\14.43.34808\include\stdexcept(100,19):
      'std::runtime_error' bildirimine bakın
      D:\CppProjects\TriTactical\TriTactical\include\SFML\System\Exception.hpp(41,23):
      'sf::Exception' bildirimine bakın
  
  Game.cpp
D:\CppProjects\TriTactical\TriTactical\include\SFML\System\Exception.hpp(41,47): warning C4275: dll olmayan class 'std::runtime_error' arabirimi dll arabirimi class 'sf::Exception' için taban olarak kullanıldı
  ('Game.cpp' kaynak dosyası derleniyor)
      C:\Program Files\Microsoft Visual Studio\2022\Community\VC\Tools\MSVC\14.43.34808\include\stdexcept(100,19):
      'std::runtime_error' bildirimine bakın
      D:\CppProjects\TriTactical\TriTactical\include\SFML\System\Exception.hpp(41,23):
      'sf::Exception' bildirimine bakın
  
  GameManager.cpp
D:\CppProjects\TriTactical\TriTactical\include\SFML\System\Exception.hpp(41,47): warning C4275: dll olmayan class 'std::runtime_error' arabirimi dll arabirimi class 'sf::Exception' için taban olarak kullanıldı
  ('GameManager.cpp' kaynak dosyası derleniyor)
      C:\Program Files\Microsoft Visual Studio\2022\Community\VC\Tools\MSVC\14.43.34808\include\stdexcept(100,19):
      'std::runtime_error' bildirimine bakın
      D:\CppProjects\TriTactical\TriTactical\include\SFML\System\Exception.hpp(41,23):
      'sf::Exception' bildirimine bakın
  
D:\CppProjects\TriTactical\TriTactical\TriTactical\GameManager.cpp(516,66): warning C4267: 'bağımsız değişken': 'size_t' - '_Ty' dönüşümü; veri kaybı olabilir
D:\CppProjects\TriTactical\TriTactical\TriTactical\GameManager.cpp(516,66): warning C4267:         with
D:\CppProjects\TriTactical\TriTactical\TriTactical\GameManager.cpp(516,66): warning C4267:         [
D:\CppProjects\TriTactical\TriTactical\TriTactical\GameManager.cpp(516,66): warning C4267:             _Ty=int
D:\CppProjects\TriTactical\TriTactical\TriTactical\GameManager.cpp(516,66): warning C4267:         ]
  GridCell.cpp
D:\CppProjects\TriTactical\TriTactical\include\SFML\System\Exception.hpp(41,47): warning C4275: dll olmayan class 'std::runtime_error' arabirimi dll arabirimi class 'sf::Exception' için taban olarak kullanıldı
  ('GridCell.cpp' kaynak dosyası derleniyor)
      C:\Program Files\Microsoft Visual Studio\2022\Community\VC\Tools\MSVC\14.43.34808\include\stdexcept(100,19):
      'std::runtime_error' bildirimine bakın
      D:\CppProjects\TriTactical\TriTactical\include\SFML\System\Exception.hpp(41,23):
      'sf::Exception' bildirimine bakın
  
  Map.cpp
D:\CppProjects\TriTactical\TriTactical\include\SFML\System\Exception.hpp(41,47): warning C4275: dll olmayan class 'std::runtime_error' arabirimi dll arabirimi class 'sf::Exception' için taban olarak kullanıldı
  ('Map.cpp' kaynak dosyası derleniyor)
      C:\Program Files\Microsoft Visual Studio\2022\Community\VC\Tools\MSVC\14.43.34808\include\stdexcept(100,19):
      'std::runtime_error' bildirimine bakın
      D:\CppProjects\TriTactical\TriTactical\include\SFML\System\Exception.hpp(41,23):
      'sf::Exception' bildirimine bakın
  
  PathFinder.cpp
D:\CppProjects\TriTactical\TriTactical\include\SFML\System\Exception.hpp(41,47): warning C4275: dll olmayan class 'std::runtime_error' arabirimi dll arabirimi class 'sf::Exception' için taban olarak kullanıldı
  ('PathFinder.cpp' kaynak dosyası derleniyor)
      C:\Program Files\Microsoft Visual Studio\2022\Community\VC\Tools\MSVC\14.43.34808\include\stdexcept(100,19):
      'std::runtime_error' bildirimine bakın
      D:\CppProjects\TriTactical\TriTactical\include\SFML\System\Exception.hpp(41,23):
      'sf::Exception' bildirimine bakın
  
  TriTactical.cpp
D:\CppProjects\TriTactical\TriTactical\include\SFML\System\Exception.hpp(41,47): warning C4275: dll olmayan class 'std::runtime_error' arabirimi dll arabirimi class 'sf::Exception' için taban olarak kullanıldı
  ('TriTactical.cpp' kaynak dosyası derleniyor)
      C:\Program Files\Microsoft Visual Studio\2022\Community\VC\Tools\MSVC\14.43.34808\include\stdexcept(100,19):
      'std::runtime_error' bildirimine bakın
      D:\CppProjects\TriTactical\TriTactical\include\SFML\System\Exception.hpp(41,23):
      'sf::Exception' bildirimine bakın
  
  UIManager.cpp
D:\CppProjects\TriTactical\TriTactical\include\SFML\System\Exception.hpp(41,47): warning C4275: dll olmayan class 'std::runtime_error' arabirimi dll arabirimi class 'sf::Exception' için taban olarak kullanıldı
  ('UIManager.cpp' kaynak dosyası derleniyor)
      C:\Program Files\Microsoft Visual Studio\2022\Community\VC\Tools\MSVC\14.43.34808\include\stdexcept(100,19):
      'std::runtime_error' bildirimine bakın
      D:\CppProjects\TriTactical\TriTactical\include\SFML\System\Exception.hpp(41,23):
      'sf::Exception' bildirimine bakın
  
  Kod Üretiliyor...
  LINK : D:\CppProjects\TriTactical\TriTactical\x64\Debug\TriTactical.exe bulunamadı veya son artımlı bağlantı tarafından oluşturulmadı; tam bağlantı gerçekleştiriliyor
  TriTactical.vcxproj -> D:\CppProjects\TriTactical\TriTactical\x64\Debug\TriTactical.exe
  'pwsh.exe' is not recognized as an internal or external command,
  operable program or batch file.
